Bringing machine 'ndelhotaS' up with 'libvirt' provider...
Bringing machine 'ndelhotaSW' up with 'libvirt' provider...
==> ndelhotaS: Checking if box 'generic/alpine318' version '4.3.12' is up to date...
==> ndelhotaSW: Checking if box 'generic/alpine318' version '4.3.12' is up to date...
==> ndelhotaSW: Creating image (snapshot of base box volume).
==> ndelhotaS: Creating image (snapshot of base box volume).
==> ndelhotaSW: Creating domain with the following settings...
==> ndelhotaSW:  -- Name:              part1_ndelhotaSW
==> ndelhotaS: Creating domain with the following settings...
==> ndelhotaSW:  -- Description:       Source: /home/iot/inception-of-things/part1/Vagrantfile
==> ndelhotaSW:  -- Domain type:       qemu
==> ndelhotaS:  -- Name:              part1_ndelhotaS
==> ndelhotaSW:  -- Cpus:              1
==> ndelhotaS:  -- Description:       Source: /home/iot/inception-of-things/part1/Vagrantfile
==> ndelhotaSW:  -- Feature:           apic
==> ndelhotaS:  -- Domain type:       qemu
==> ndelhotaSW:  -- Clock offset:      utc
==> ndelhotaS:  -- Cpus:              1
==> ndelhotaSW:  -- Memory:            512M
==> ndelhotaS:  -- Feature:           apic
==> ndelhotaSW:  -- Base box:          generic/alpine318
==> ndelhotaS:  -- Clock offset:      utc
==> ndelhotaSW:  -- Storage pool:      default
==> ndelhotaS:  -- Memory:            512M
==> ndelhotaSW:  -- Image(vda):        /var/lib/libvirt/images/part1_ndelhotaSW.img, virtio, 128G
==> ndelhotaS:  -- Base box:          generic/alpine318
==> ndelhotaSW:  -- Disk driver opts:  cache='default'
==> ndelhotaS:  -- Storage pool:      default
==> ndelhotaSW:  -- Graphics Type:     vnc
==> ndelhotaS:  -- Image(vda):        /var/lib/libvirt/images/part1_ndelhotaS.img, virtio, 128G
==> ndelhotaSW:  -- Video Type:        cirrus
==> ndelhotaS:  -- Disk driver opts:  cache='default'
==> ndelhotaSW:  -- Video VRAM:        256
==> ndelhotaS:  -- Graphics Type:     vnc
==> ndelhotaSW:  -- Video 3D accel:    false
==> ndelhotaS:  -- Video Type:        cirrus
==> ndelhotaSW:  -- Keymap:            en-us
==> ndelhotaS:  -- Video VRAM:        256
==> ndelhotaSW:  -- TPM Backend:       passthrough
==> ndelhotaS:  -- Video 3D accel:    false
==> ndelhotaSW:  -- INPUT:             type=keyboard, bus=usb
==> ndelhotaS:  -- Keymap:            en-us
==> ndelhotaSW:  -- INPUT:             type=mouse, bus=usb
==> ndelhotaS:  -- TPM Backend:       passthrough
==> ndelhotaSW:  -- CHANNEL:             type=unix, mode=
==> ndelhotaS:  -- INPUT:             type=keyboard, bus=usb
==> ndelhotaSW:  -- CHANNEL:             target_type=virtio, target_name=org.qemu.guest_agent.0
==> ndelhotaS:  -- INPUT:             type=mouse, bus=usb
==> ndelhotaSW:  -- USB controller:    model=qemu-xhci
==> ndelhotaS:  -- CHANNEL:             type=unix, mode=
==> ndelhotaS:  -- CHANNEL:             target_type=virtio, target_name=org.qemu.guest_agent.0
==> ndelhotaS:  -- USB controller:    model=qemu-xhci
==> ndelhotaS: Creating shared folders metadata...
==> ndelhotaSW: Creating shared folders metadata...
==> ndelhotaS: Starting domain.
==> ndelhotaSW: Starting domain.
==> ndelhotaS: Removing domain...
==> ndelhotaSW: Removing domain...
==> ndelhotaS: Deleting the machine folder
==> ndelhotaS: An error occurred. The error will be shown after all tasks complete.
==> ndelhotaSW: Deleting the machine folder
==> ndelhotaSW: An error occurred. The error will be shown after all tasks complete.
An error occurred while executing multiple actions in parallel.
Any errors that occurred are shown below.

An unexpected error occurred when executing the action on the
'ndelhotaS' machine. Please report this as a bug:

Call to virDomainCreate failed: unsupported configuration: CPU mode 'host-model' for aarch64 qemu domain on aarch64 host is not supported by hypervisor

/usr/lib/ruby/vendor_ruby/fog/libvirt/requests/compute/vm_action.rb:7:in `create'
/usr/lib/ruby/vendor_ruby/fog/libvirt/requests/compute/vm_action.rb:7:in `vm_action'
/usr/lib/ruby/vendor_ruby/fog/libvirt/models/compute/server.rb:81:in `start'
/usr/share/rubygems-integration/all/gems/vagrant-libvirt-0.12.2/lib/vagrant-libvirt/action/start_domain.rb:608:in `call'
/usr/lib/aarch64-linux-gnu/rubygems-integration/3.3.0/gems/vagrant-2.3.8.dev/lib/vagrant/action/warden.rb:48:in `call'
/usr/share/rubygems-integration/all/gems/vagrant-libvirt-0.12.2/lib/vagrant-libvirt/action/set_boot_order.rb:22:in `call'
/usr/lib/aarch64-linux-gnu/rubygems-integration/3.3.0/gems/vagrant-2.3.8.dev/lib/vagrant/action/warden.rb:48:in `call'
/usr/share/rubygems-integration/all/gems/vagrant-libvirt-0.12.2/lib/vagrant-libvirt/action/share_folders.rb:22:in `call'
/usr/lib/aarch64-linux-gnu/rubygems-integration/3.3.0/gems/vagrant-2.3.8.dev/lib/vagrant/action/warden.rb:48:in `call'
/usr/share/rubygems-integration/all/gems/vagrant-libvirt-0.12.2/lib/vagrant-libvirt/action/prepare_nfs_settings.rb:21:in `call'
/usr/lib/aarch64-linux-gnu/rubygems-integration/3.3.0/gems/vagrant-2.3.8.dev/lib/vagrant/action/warden.rb:48:in `call'
/usr/lib/aarch64-linux-gnu/rubygems-integration/3.3.0/gems/vagrant-2.3.8.dev/lib/vagrant/action/builtin/synced_folders.rb:87:in `call'
/usr/lib/aarch64-linux-gnu/rubygems-integration/3.3.0/gems/vagrant-2.3.8.dev/lib/vagrant/action/warden.rb:48:in `call'
/usr/lib/aarch64-linux-gnu/rubygems-integration/3.3.0/gems/vagrant-2.3.8.dev/lib/vagrant/action/builtin/delayed.rb:19:in `call'
/usr/lib/aarch64-linux-gnu/rubygems-integration/3.3.0/gems/vagrant-2.3.8.dev/lib/vagrant/action/warden.rb:48:in `call'
/usr/lib/aarch64-linux-gnu/rubygems-integration/3.3.0/gems/vagrant-2.3.8.dev/lib/vagrant/action/builtin/synced_folder_cleanup.rb:28:in `call'
/usr/lib/aarch64-linux-gnu/rubygems-integration/3.3.0/gems/vagrant-2.3.8.dev/lib/vagrant/action/warden.rb:48:in `call'
/usr/lib/aarch64-linux-gnu/rubygems-integration/3.3.0/gems/vagrant-2.3.8.dev/plugins/synced_folders/nfs/action_cleanup.rb:25:in `call'
/usr/lib/aarch64-linux-gnu/rubygems-integration/3.3.0/gems/vagrant-2.3.8.dev/lib/vagrant/action/warden.rb:48:in `call'
/usr/share/rubygems-integration/all/gems/vagrant-libvirt-0.12.2/lib/vagrant-libvirt/action/prepare_nfs_valid_ids.rb:14:in `call'
/usr/lib/aarch64-linux-gnu/rubygems-integration/3.3.0/gems/vagrant-2.3.8.dev/lib/vagrant/action/warden.rb:48:in `call'
/usr/lib/aarch64-linux-gnu/rubygems-integration/3.3.0/gems/vagrant-2.3.8.dev/lib/vagrant/action/warden.rb:127:in `block in finalize_action'
/usr/lib/aarch64-linux-gnu/rubygems-integration/3.3.0/gems/vagrant-2.3.8.dev/lib/vagrant/action/warden.rb:48:in `call'
/usr/lib/aarch64-linux-gnu/rubygems-integration/3.3.0/gems/vagrant-2.3.8.dev/lib/vagrant/action/builder.rb:180:in `call'
/usr/lib/aarch64-linux-gnu/rubygems-integration/3.3.0/gems/vagrant-2.3.8.dev/lib/vagrant/action/runner.rb:101:in `block in run'
/usr/lib/aarch64-linux-gnu/rubygems-integration/3.3.0/gems/vagrant-2.3.8.dev/lib/vagrant/util/busy.rb:19:in `busy'
/usr/lib/aarch64-linux-gnu/rubygems-integration/3.3.0/gems/vagrant-2.3.8.dev/lib/vagrant/action/runner.rb:101:in `run'
/usr/lib/aarch64-linux-gnu/rubygems-integration/3.3.0/gems/vagrant-2.3.8.dev/lib/vagrant/action/builtin/call.rb:53:in `call'
/usr/lib/aarch64-linux-gnu/rubygems-integration/3.3.0/gems/vagrant-2.3.8.dev/lib/vagrant/action/warden.rb:48:in `call'
/usr/lib/aarch64-linux-gnu/rubygems-integration/3.3.0/gems/vagrant-2.3.8.dev/lib/vagrant/action/warden.rb:127:in `block in finalize_action'
/usr/lib/aarch64-linux-gnu/rubygems-integration/3.3.0/gems/vagrant-2.3.8.dev/lib/vagrant/action/warden.rb:48:in `call'
/usr/lib/aarch64-linux-gnu/rubygems-integration/3.3.0/gems/vagrant-2.3.8.dev/lib/vagrant/action/builder.rb:180:in `call'
/usr/lib/aarch64-linux-gnu/rubygems-integration/3.3.0/gems/vagrant-2.3.8.dev/lib/vagrant/action/runner.rb:101:in `block in run'
/usr/lib/aarch64-linux-gnu/rubygems-integration/3.3.0/gems/vagrant-2.3.8.dev/lib/vagrant/util/busy.rb:19:in `busy'
/usr/lib/aarch64-linux-gnu/rubygems-integration/3.3.0/gems/vagrant-2.3.8.dev/lib/vagrant/action/runner.rb:101:in `run'
/usr/lib/aarch64-linux-gnu/rubygems-integration/3.3.0/gems/vagrant-2.3.8.dev/lib/vagrant/action/builtin/call.rb:53:in `call'
/usr/lib/aarch64-linux-gnu/rubygems-integration/3.3.0/gems/vagrant-2.3.8.dev/lib/vagrant/action/warden.rb:48:in `call'
/usr/share/rubygems-integration/all/gems/vagrant-libvirt-0.12.2/lib/vagrant-libvirt/action/create_network_interfaces.rb:169:in `call'
/usr/lib/aarch64-linux-gnu/rubygems-integration/3.3.0/gems/vagrant-2.3.8.dev/lib/vagrant/action/warden.rb:48:in `call'
/usr/share/rubygems-integration/all/gems/vagrant-libvirt-0.12.2/lib/vagrant-libvirt/action/create_networks.rb:98:in `call'
/usr/lib/aarch64-linux-gnu/rubygems-integration/3.3.0/gems/vagrant-2.3.8.dev/lib/vagrant/action/warden.rb:48:in `call'
/usr/share/rubygems-integration/all/gems/vagrant-libvirt-0.12.2/lib/vagrant-libvirt/action/create_domain.rb:466:in `call'
/usr/lib/aarch64-linux-gnu/rubygems-integration/3.3.0/gems/vagrant-2.3.8.dev/lib/vagrant/action/warden.rb:48:in `call'
/usr/share/rubygems-integration/all/gems/vagrant-libvirt-0.12.2/lib/vagrant-libvirt/action/resolve_disk_settings.rb:143:in `call'
/usr/lib/aarch64-linux-gnu/rubygems-integration/3.3.0/gems/vagrant-2.3.8.dev/lib/vagrant/action/warden.rb:48:in `call'
/usr/share/rubygems-integration/all/gems/vagrant-libvirt-0.12.2/lib/vagrant-libvirt/action/create_domain_volume.rb:98:in `call'
/usr/lib/aarch64-linux-gnu/rubygems-integration/3.3.0/gems/vagrant-2.3.8.dev/lib/vagrant/action/warden.rb:48:in `call'
/usr/share/rubygems-integration/all/gems/vagrant-libvirt-0.12.2/lib/vagrant-libvirt/action/handle_box_image.rb:129:in `call'
/usr/lib/aarch64-linux-gnu/rubygems-integration/3.3.0/gems/vagrant-2.3.8.dev/lib/vagrant/action/warden.rb:48:in `call'
/usr/lib/aarch64-linux-gnu/rubygems-integration/3.3.0/gems/vagrant-2.3.8.dev/lib/vagrant/action/builtin/handle_box.rb:56:in `call'
/usr/lib/aarch64-linux-gnu/rubygems-integration/3.3.0/gems/vagrant-2.3.8.dev/lib/vagrant/action/warden.rb:48:in `call'
/usr/share/rubygems-integration/all/gems/vagrant-libvirt-0.12.2/lib/vagrant-libvirt/action/handle_storage_pool.rb:63:in `call'
/usr/lib/aarch64-linux-gnu/rubygems-integration/3.3.0/gems/vagrant-2.3.8.dev/lib/vagrant/action/warden.rb:48:in `call'
/usr/share/rubygems-integration/all/gems/vagrant-libvirt-0.12.2/lib/vagrant-libvirt/action/set_name_of_domain.rb:34:in `call'
/usr/lib/aarch64-linux-gnu/rubygems-integration/3.3.0/gems/vagrant-2.3.8.dev/lib/vagrant/action/warden.rb:48:in `call'
/usr/lib/aarch64-linux-gnu/rubygems-integration/3.3.0/gems/vagrant-2.3.8.dev/lib/vagrant/action/builtin/provision.rb:80:in `call'
/usr/lib/aarch64-linux-gnu/rubygems-integration/3.3.0/gems/vagrant-2.3.8.dev/lib/vagrant/action/warden.rb:48:in `call'
/usr/share/rubygems-integration/all/gems/vagrant-libvirt-0.12.2/lib/vagrant-libvirt/action/cleanup_on_failure.rb:21:in `call'
/usr/lib/aarch64-linux-gnu/rubygems-integration/3.3.0/gems/vagrant-2.3.8.dev/lib/vagrant/action/warden.rb:48:in `call'
/usr/lib/aarch64-linux-gnu/rubygems-integration/3.3.0/gems/vagrant-2.3.8.dev/lib/vagrant/action/warden.rb:127:in `block in finalize_action'
/usr/lib/aarch64-linux-gnu/rubygems-integration/3.3.0/gems/vagrant-2.3.8.dev/lib/vagrant/action/warden.rb:48:in `call'
/usr/lib/aarch64-linux-gnu/rubygems-integration/3.3.0/gems/vagrant-2.3.8.dev/lib/vagrant/action/builder.rb:180:in `call'
/usr/lib/aarch64-linux-gnu/rubygems-integration/3.3.0/gems/vagrant-2.3.8.dev/lib/vagrant/action/runner.rb:101:in `block in run'
/usr/lib/aarch64-linux-gnu/rubygems-integration/3.3.0/gems/vagrant-2.3.8.dev/lib/vagrant/util/busy.rb:19:in `busy'
/usr/lib/aarch64-linux-gnu/rubygems-integration/3.3.0/gems/vagrant-2.3.8.dev/lib/vagrant/action/runner.rb:101:in `run'
/usr/lib/aarch64-linux-gnu/rubygems-integration/3.3.0/gems/vagrant-2.3.8.dev/lib/vagrant/action/builtin/call.rb:53:in `call'
/usr/lib/aarch64-linux-gnu/rubygems-integration/3.3.0/gems/vagrant-2.3.8.dev/lib/vagrant/action/warden.rb:48:in `call'
/usr/lib/aarch64-linux-gnu/rubygems-integration/3.3.0/gems/vagrant-2.3.8.dev/lib/vagrant/action/builtin/box_check_outdated.rb:95:in `call'
/usr/lib/aarch64-linux-gnu/rubygems-integration/3.3.0/gems/vagrant-2.3.8.dev/lib/vagrant/action/warden.rb:48:in `call'
/usr/lib/aarch64-linux-gnu/rubygems-integration/3.3.0/gems/vagrant-2.3.8.dev/lib/vagrant/action/builtin/config_validate.rb:25:in `call'
/usr/lib/aarch64-linux-gnu/rubygems-integration/3.3.0/gems/vagrant-2.3.8.dev/lib/vagrant/action/warden.rb:48:in `call'
/usr/lib/aarch64-linux-gnu/rubygems-integration/3.3.0/gems/vagrant-2.3.8.dev/lib/vagrant/action/builder.rb:180:in `call'
/usr/lib/aarch64-linux-gnu/rubygems-integration/3.3.0/gems/vagrant-2.3.8.dev/lib/vagrant/action/runner.rb:101:in `block in run'
/usr/lib/aarch64-linux-gnu/rubygems-integration/3.3.0/gems/vagrant-2.3.8.dev/lib/vagrant/util/busy.rb:19:in `busy'
/usr/lib/aarch64-linux-gnu/rubygems-integration/3.3.0/gems/vagrant-2.3.8.dev/lib/vagrant/action/runner.rb:101:in `run'
/usr/lib/aarch64-linux-gnu/rubygems-integration/3.3.0/gems/vagrant-2.3.8.dev/lib/vagrant/machine.rb:248:in `action_raw'
/usr/lib/aarch64-linux-gnu/rubygems-integration/3.3.0/gems/vagrant-2.3.8.dev/lib/vagrant/machine.rb:217:in `block in action'
/usr/lib/aarch64-linux-gnu/rubygems-integration/3.3.0/gems/vagrant-2.3.8.dev/lib/vagrant/environment.rb:646:in `lock'
/usr/lib/aarch64-linux-gnu/rubygems-integration/3.3.0/gems/vagrant-2.3.8.dev/lib/vagrant/machine.rb:203:in `call'
/usr/lib/aarch64-linux-gnu/rubygems-integration/3.3.0/gems/vagrant-2.3.8.dev/lib/vagrant/machine.rb:203:in `action'
/usr/lib/aarch64-linux-gnu/rubygems-integration/3.3.0/gems/vagrant-2.3.8.dev/lib/vagrant/batch_action.rb:86:in `block (2 levels) in run'

An unexpected error occurred when executing the action on the
'ndelhotaSW' machine. Please report this as a bug:

Call to virDomainCreate failed: unsupported configuration: CPU mode 'host-model' for aarch64 qemu domain on aarch64 host is not supported by hypervisor

/usr/lib/ruby/vendor_ruby/fog/libvirt/requests/compute/vm_action.rb:7:in `create'
/usr/lib/ruby/vendor_ruby/fog/libvirt/requests/compute/vm_action.rb:7:in `vm_action'
/usr/lib/ruby/vendor_ruby/fog/libvirt/models/compute/server.rb:81:in `start'
/usr/share/rubygems-integration/all/gems/vagrant-libvirt-0.12.2/lib/vagrant-libvirt/action/start_domain.rb:608:in `call'
/usr/lib/aarch64-linux-gnu/rubygems-integration/3.3.0/gems/vagrant-2.3.8.dev/lib/vagrant/action/warden.rb:48:in `call'
/usr/share/rubygems-integration/all/gems/vagrant-libvirt-0.12.2/lib/vagrant-libvirt/action/set_boot_order.rb:22:in `call'
/usr/lib/aarch64-linux-gnu/rubygems-integration/3.3.0/gems/vagrant-2.3.8.dev/lib/vagrant/action/warden.rb:48:in `call'
/usr/share/rubygems-integration/all/gems/vagrant-libvirt-0.12.2/lib/vagrant-libvirt/action/share_folders.rb:22:in `call'
/usr/lib/aarch64-linux-gnu/rubygems-integration/3.3.0/gems/vagrant-2.3.8.dev/lib/vagrant/action/warden.rb:48:in `call'
/usr/share/rubygems-integration/all/gems/vagrant-libvirt-0.12.2/lib/vagrant-libvirt/action/prepare_nfs_settings.rb:21:in `call'
/usr/lib/aarch64-linux-gnu/rubygems-integration/3.3.0/gems/vagrant-2.3.8.dev/lib/vagrant/action/warden.rb:48:in `call'
/usr/lib/aarch64-linux-gnu/rubygems-integration/3.3.0/gems/vagrant-2.3.8.dev/lib/vagrant/action/builtin/synced_folders.rb:87:in `call'
/usr/lib/aarch64-linux-gnu/rubygems-integration/3.3.0/gems/vagrant-2.3.8.dev/lib/vagrant/action/warden.rb:48:in `call'
/usr/lib/aarch64-linux-gnu/rubygems-integration/3.3.0/gems/vagrant-2.3.8.dev/lib/vagrant/action/builtin/delayed.rb:19:in `call'
/usr/lib/aarch64-linux-gnu/rubygems-integration/3.3.0/gems/vagrant-2.3.8.dev/lib/vagrant/action/warden.rb:48:in `call'
/usr/lib/aarch64-linux-gnu/rubygems-integration/3.3.0/gems/vagrant-2.3.8.dev/lib/vagrant/action/builtin/synced_folder_cleanup.rb:28:in `call'
/usr/lib/aarch64-linux-gnu/rubygems-integration/3.3.0/gems/vagrant-2.3.8.dev/lib/vagrant/action/warden.rb:48:in `call'
/usr/lib/aarch64-linux-gnu/rubygems-integration/3.3.0/gems/vagrant-2.3.8.dev/plugins/synced_folders/nfs/action_cleanup.rb:25:in `call'
/usr/lib/aarch64-linux-gnu/rubygems-integration/3.3.0/gems/vagrant-2.3.8.dev/lib/vagrant/action/warden.rb:48:in `call'
/usr/share/rubygems-integration/all/gems/vagrant-libvirt-0.12.2/lib/vagrant-libvirt/action/prepare_nfs_valid_ids.rb:14:in `call'
/usr/lib/aarch64-linux-gnu/rubygems-integration/3.3.0/gems/vagrant-2.3.8.dev/lib/vagrant/action/warden.rb:48:in `call'
/usr/lib/aarch64-linux-gnu/rubygems-integration/3.3.0/gems/vagrant-2.3.8.dev/lib/vagrant/action/warden.rb:127:in `block in finalize_action'
/usr/lib/aarch64-linux-gnu/rubygems-integration/3.3.0/gems/vagrant-2.3.8.dev/lib/vagrant/action/warden.rb:48:in `call'
/usr/lib/aarch64-linux-gnu/rubygems-integration/3.3.0/gems/vagrant-2.3.8.dev/lib/vagrant/action/builder.rb:180:in `call'
/usr/lib/aarch64-linux-gnu/rubygems-integration/3.3.0/gems/vagrant-2.3.8.dev/lib/vagrant/action/runner.rb:101:in `block in run'
/usr/lib/aarch64-linux-gnu/rubygems-integration/3.3.0/gems/vagrant-2.3.8.dev/lib/vagrant/util/busy.rb:19:in `busy'
/usr/lib/aarch64-linux-gnu/rubygems-integration/3.3.0/gems/vagrant-2.3.8.dev/lib/vagrant/action/runner.rb:101:in `run'
/usr/lib/aarch64-linux-gnu/rubygems-integration/3.3.0/gems/vagrant-2.3.8.dev/lib/vagrant/action/builtin/call.rb:53:in `call'
/usr/lib/aarch64-linux-gnu/rubygems-integration/3.3.0/gems/vagrant-2.3.8.dev/lib/vagrant/action/warden.rb:48:in `call'
/usr/lib/aarch64-linux-gnu/rubygems-integration/3.3.0/gems/vagrant-2.3.8.dev/lib/vagrant/action/warden.rb:127:in `block in finalize_action'
/usr/lib/aarch64-linux-gnu/rubygems-integration/3.3.0/gems/vagrant-2.3.8.dev/lib/vagrant/action/warden.rb:48:in `call'
/usr/lib/aarch64-linux-gnu/rubygems-integration/3.3.0/gems/vagrant-2.3.8.dev/lib/vagrant/action/builder.rb:180:in `call'
/usr/lib/aarch64-linux-gnu/rubygems-integration/3.3.0/gems/vagrant-2.3.8.dev/lib/vagrant/action/runner.rb:101:in `block in run'
/usr/lib/aarch64-linux-gnu/rubygems-integration/3.3.0/gems/vagrant-2.3.8.dev/lib/vagrant/util/busy.rb:19:in `busy'
/usr/lib/aarch64-linux-gnu/rubygems-integration/3.3.0/gems/vagrant-2.3.8.dev/lib/vagrant/action/runner.rb:101:in `run'
/usr/lib/aarch64-linux-gnu/rubygems-integration/3.3.0/gems/vagrant-2.3.8.dev/lib/vagrant/action/builtin/call.rb:53:in `call'
/usr/lib/aarch64-linux-gnu/rubygems-integration/3.3.0/gems/vagrant-2.3.8.dev/lib/vagrant/action/warden.rb:48:in `call'
/usr/share/rubygems-integration/all/gems/vagrant-libvirt-0.12.2/lib/vagrant-libvirt/action/create_network_interfaces.rb:169:in `call'
/usr/lib/aarch64-linux-gnu/rubygems-integration/3.3.0/gems/vagrant-2.3.8.dev/lib/vagrant/action/warden.rb:48:in `call'
/usr/share/rubygems-integration/all/gems/vagrant-libvirt-0.12.2/lib/vagrant-libvirt/action/create_networks.rb:98:in `call'
/usr/lib/aarch64-linux-gnu/rubygems-integration/3.3.0/gems/vagrant-2.3.8.dev/lib/vagrant/action/warden.rb:48:in `call'
/usr/share/rubygems-integration/all/gems/vagrant-libvirt-0.12.2/lib/vagrant-libvirt/action/create_domain.rb:466:in `call'
/usr/lib/aarch64-linux-gnu/rubygems-integration/3.3.0/gems/vagrant-2.3.8.dev/lib/vagrant/action/warden.rb:48:in `call'
/usr/share/rubygems-integration/all/gems/vagrant-libvirt-0.12.2/lib/vagrant-libvirt/action/resolve_disk_settings.rb:143:in `call'
/usr/lib/aarch64-linux-gnu/rubygems-integration/3.3.0/gems/vagrant-2.3.8.dev/lib/vagrant/action/warden.rb:48:in `call'
/usr/share/rubygems-integration/all/gems/vagrant-libvirt-0.12.2/lib/vagrant-libvirt/action/create_domain_volume.rb:98:in `call'
/usr/lib/aarch64-linux-gnu/rubygems-integration/3.3.0/gems/vagrant-2.3.8.dev/lib/vagrant/action/warden.rb:48:in `call'
/usr/share/rubygems-integration/all/gems/vagrant-libvirt-0.12.2/lib/vagrant-libvirt/action/handle_box_image.rb:129:in `call'
/usr/lib/aarch64-linux-gnu/rubygems-integration/3.3.0/gems/vagrant-2.3.8.dev/lib/vagrant/action/warden.rb:48:in `call'
/usr/lib/aarch64-linux-gnu/rubygems-integration/3.3.0/gems/vagrant-2.3.8.dev/lib/vagrant/action/builtin/handle_box.rb:56:in `call'
/usr/lib/aarch64-linux-gnu/rubygems-integration/3.3.0/gems/vagrant-2.3.8.dev/lib/vagrant/action/warden.rb:48:in `call'
/usr/share/rubygems-integration/all/gems/vagrant-libvirt-0.12.2/lib/vagrant-libvirt/action/handle_storage_pool.rb:63:in `call'
/usr/lib/aarch64-linux-gnu/rubygems-integration/3.3.0/gems/vagrant-2.3.8.dev/lib/vagrant/action/warden.rb:48:in `call'
/usr/share/rubygems-integration/all/gems/vagrant-libvirt-0.12.2/lib/vagrant-libvirt/action/set_name_of_domain.rb:34:in `call'
/usr/lib/aarch64-linux-gnu/rubygems-integration/3.3.0/gems/vagrant-2.3.8.dev/lib/vagrant/action/warden.rb:48:in `call'
/usr/lib/aarch64-linux-gnu/rubygems-integration/3.3.0/gems/vagrant-2.3.8.dev/lib/vagrant/action/builtin/provision.rb:80:in `call'
/usr/lib/aarch64-linux-gnu/rubygems-integration/3.3.0/gems/vagrant-2.3.8.dev/lib/vagrant/action/warden.rb:48:in `call'
/usr/share/rubygems-integration/all/gems/vagrant-libvirt-0.12.2/lib/vagrant-libvirt/action/cleanup_on_failure.rb:21:in `call'
/usr/lib/aarch64-linux-gnu/rubygems-integration/3.3.0/gems/vagrant-2.3.8.dev/lib/vagrant/action/warden.rb:48:in `call'
/usr/lib/aarch64-linux-gnu/rubygems-integration/3.3.0/gems/vagrant-2.3.8.dev/lib/vagrant/action/warden.rb:127:in `block in finalize_action'
/usr/lib/aarch64-linux-gnu/rubygems-integration/3.3.0/gems/vagrant-2.3.8.dev/lib/vagrant/action/warden.rb:48:in `call'
/usr/lib/aarch64-linux-gnu/rubygems-integration/3.3.0/gems/vagrant-2.3.8.dev/lib/vagrant/action/builder.rb:180:in `call'
/usr/lib/aarch64-linux-gnu/rubygems-integration/3.3.0/gems/vagrant-2.3.8.dev/lib/vagrant/action/runner.rb:101:in `block in run'
/usr/lib/aarch64-linux-gnu/rubygems-integration/3.3.0/gems/vagrant-2.3.8.dev/lib/vagrant/util/busy.rb:19:in `busy'
/usr/lib/aarch64-linux-gnu/rubygems-integration/3.3.0/gems/vagrant-2.3.8.dev/lib/vagrant/action/runner.rb:101:in `run'
/usr/lib/aarch64-linux-gnu/rubygems-integration/3.3.0/gems/vagrant-2.3.8.dev/lib/vagrant/action/builtin/call.rb:53:in `call'
/usr/lib/aarch64-linux-gnu/rubygems-integration/3.3.0/gems/vagrant-2.3.8.dev/lib/vagrant/action/warden.rb:48:in `call'
/usr/lib/aarch64-linux-gnu/rubygems-integration/3.3.0/gems/vagrant-2.3.8.dev/lib/vagrant/action/builtin/box_check_outdated.rb:95:in `call'
/usr/lib/aarch64-linux-gnu/rubygems-integration/3.3.0/gems/vagrant-2.3.8.dev/lib/vagrant/action/warden.rb:48:in `call'
/usr/lib/aarch64-linux-gnu/rubygems-integration/3.3.0/gems/vagrant-2.3.8.dev/lib/vagrant/action/builtin/config_validate.rb:25:in `call'
/usr/lib/aarch64-linux-gnu/rubygems-integration/3.3.0/gems/vagrant-2.3.8.dev/lib/vagrant/action/warden.rb:48:in `call'
/usr/lib/aarch64-linux-gnu/rubygems-integration/3.3.0/gems/vagrant-2.3.8.dev/lib/vagrant/action/builder.rb:180:in `call'
/usr/lib/aarch64-linux-gnu/rubygems-integration/3.3.0/gems/vagrant-2.3.8.dev/lib/vagrant/action/runner.rb:101:in `block in run'
/usr/lib/aarch64-linux-gnu/rubygems-integration/3.3.0/gems/vagrant-2.3.8.dev/lib/vagrant/util/busy.rb:19:in `busy'
/usr/lib/aarch64-linux-gnu/rubygems-integration/3.3.0/gems/vagrant-2.3.8.dev/lib/vagrant/action/runner.rb:101:in `run'
/usr/lib/aarch64-linux-gnu/rubygems-integration/3.3.0/gems/vagrant-2.3.8.dev/lib/vagrant/machine.rb:248:in `action_raw'
/usr/lib/aarch64-linux-gnu/rubygems-integration/3.3.0/gems/vagrant-2.3.8.dev/lib/vagrant/machine.rb:217:in `block in action'
/usr/lib/aarch64-linux-gnu/rubygems-integration/3.3.0/gems/vagrant-2.3.8.dev/lib/vagrant/environment.rb:646:in `lock'
/usr/lib/aarch64-linux-gnu/rubygems-integration/3.3.0/gems/vagrant-2.3.8.dev/lib/vagrant/machine.rb:203:in `call'
/usr/lib/aarch64-linux-gnu/rubygems-integration/3.3.0/gems/vagrant-2.3.8.dev/lib/vagrant/machine.rb:203:in `action'
/usr/lib/aarch64-linux-gnu/rubygems-integration/3.3.0/gems/vagrant-2.3.8.dev/lib/vagrant/batch_action.rb:86:in `block (2 levels) in run'
